
> @lopatnov/translate-angular@2.0.0 build
> ng build

[33m❯[39m Building...
[32m✔[39m Building...
[35mBrowser bundles[39m     
[1mInitial chunk files[22m [2m | [22m[1mNames[22m                     [2m | [22m [1mRaw size[22m[2m | [22m[1mEstimated transfer size[22m
[32mstyles-FABHFDM7.css[39m [2m | [22m[2mstyles[22m                    [2m | [22m[36m258.94 kB[39m[2m | [22m               [36m25.64 kB[39m
[32mchunk-7WPQTLHD.js[39m   [2m | [22m[2m-[22m                         [2m | [22m[36m198.33 kB[39m[2m | [22m               [36m57.71 kB[39m
[32mchunk-PUJLHB5A.js[39m   [2m | [22m[2m-[22m                         [2m | [22m [36m88.51 kB[39m[2m | [22m               [36m22.44 kB[39m
[32mmain-6NS3UJHG.js[39m    [2m | [22m[2mmain[22m                      [2m | [22m  [36m9.81 kB[39m[2m | [22m                [36m3.41 kB[39m
[32mchunk-6KFOLYPK.js[39m   [2m | [22m[2m-[22m                         [2m | [22m  [36m1.00 kB[39m[2m | [22m                [36m1.00 kB[39m

[1m [22m                   [2m | [22m[1mInitial total[22m             [2m | [22m[1m556.59 kB[22m[2m | [22m              [1m110.21 kB[22m

[1mLazy chunk files[22m    [2m | [22m[1mNames[22m                     [2m | [22m [1mRaw size[22m[2m | [22m[1mEstimated transfer size[22m
[32mchunk-EMGPQH5T.js[39m   [2m | [22m[2m-[22m                         [2m | [22m [36m41.97 kB[39m[2m | [22m                [36m8.97 kB[39m
[32mchunk-PDF4ZULN.js[39m   [2m | [22m[2mspeech-to-text-component[22m  [2m | [22m [36m11.04 kB[39m[2m | [22m                [36m3.85 kB[39m
[32mchunk-EAMZKCRB.js[39m   [2m | [22m[2mlocale-files-component[22m    [2m | [22m  [36m7.82 kB[39m[2m | [22m                [36m2.60 kB[39m
[32mchunk-STFQTZCD.js[39m   [2m | [22m[2mspeech-to-speech-component[22m[2m | [22m  [36m7.22 kB[39m[2m | [22m                [36m2.55 kB[39m
[32mchunk-S6Z6O4D7.js[39m   [2m | [22m[2mtext-translation-component[22m[2m | [22m  [36m6.59 kB[39m[2m | [22m                [36m2.25 kB[39m
[32mchunk-AE3IYMXD.js[39m   [2m | [22m[2mtext-to-speech-component[22m  [2m | [22m  [36m5.51 kB[39m[2m | [22m                [36m2.13 kB[39m
[32mchunk-WVAV6HTW.js[39m   [2m | [22m[2m-[22m                         [2m | [22m  [36m5.27 kB[39m[2m | [22m                [36m1.33 kB[39m
[32mchunk-65H3WC5S.js[39m   [2m | [22m[2mdashboard-component[22m       [2m | [22m  [36m4.60 kB[39m[2m | [22m                [36m1.54 kB[39m
[32mchunk-MHKGZNXW.js[39m   [2m | [22m[2mdetect-language-component[22m [2m | [22m  [36m3.86 kB[39m[2m | [22m                [36m1.48 kB[39m
[32mchunk-N7IU6HUA.js[39m   [2m | [22m[2m-[22m                         [2m | [22m  [36m2.09 kB[39m[2m | [22m              [36m910 bytes[39m
[32mchunk-HZBSOSYS.js[39m   [2m | [22m[2m-[22m                         [2m | [22m[36m387 bytes[39m[2m | [22m              [36m387 bytes[39m


[35mServer bundles[39m      
[1mInitial chunk files[22m [2m | [22m[1mNames[22m                     [2m | [22m [1mRaw size[22m
[32mserver.mjs[39m          [2m | [22m[2mserver[22m                    [2m | [22m  [36m1.27 MB[39m[2m | [22m                       
[32mmain.server.mjs[39m     [2m | [22m[2mmain.server[22m               [2m | [22m[36m450.04 kB[39m[2m | [22m                       
[32mpolyfills.server.mjs[39m[2m | [22m[2mpolyfills.server[22m          [2m | [22m[36m233.73 kB[39m[2m | [22m                       
[32mchunk-FWHEEMNI.mjs[39m  [2m | [22m[2m-[22m                         [2m | [22m[36m198.17 kB[39m[2m | [22m                       
[32mchunk-OGIEPUOK.mjs[39m  [2m | [22m[2m-[22m                         [2m | [22m [36m88.81 kB[39m[2m | [22m                       
[32mchunk-NT4GZT32.mjs[39m  [2m | [22m[2m-[22m                         [2m | [22m  [36m1.43 kB[39m[2m | [22m                       
[32mchunk-NHKB6QYD.mjs[39m  [2m | [22m[2m-[22m                         [2m | [22m  [36m1.07 kB[39m[2m | [22m                       
[32mchunk-T55IDOPT.mjs[39m  [2m | [22m[2m-[22m                         [2m | [22m[36m976 bytes[39m[2m | [22m                       

[1mLazy chunk files[22m    [2m | [22m[1mNames[22m                     [2m | [22m [1mRaw size[22m
[32mchunk-GEKVXBWV.mjs[39m  [2m | [22m[2m-[22m                         [2m | [22m [36m42.03 kB[39m[2m | [22m                       
[32mchunk-AE2WKTK2.mjs[39m  [2m | [22m[2mxhr2[22m                      [2m | [22m [36m12.17 kB[39m[2m | [22m                       
[32mchunk-N3SI5I4Q.mjs[39m  [2m | [22m[2mxhr2[22m                      [2m | [22m [36m12.07 kB[39m[2m | [22m                       
[32mchunk-LVWTFSMH.mjs[39m  [2m | [22m[2mspeech-to-text-component[22m  [2m | [22m [36m11.10 kB[39m[2m | [22m                       
[32mchunk-WCVOI7XZ.mjs[39m  [2m | [22m[2mlocale-files-component[22m    [2m | [22m  [36m7.88 kB[39m[2m | [22m                       
[32mchunk-HRARJBB3.mjs[39m  [2m | [22m[2mspeech-to-speech-component[22m[2m | [22m  [36m7.29 kB[39m[2m | [22m                       
[32mchunk-HTDRCPO6.mjs[39m  [2m | [22m[2mtext-translation-component[22m[2m | [22m  [36m6.66 kB[39m[2m | [22m                       
[32mchunk-L3YBSDI3.mjs[39m  [2m | [22m[2mtext-to-speech-component[22m  [2m | [22m  [36m5.58 kB[39m[2m | [22m                       
[32mchunk-POICP2M6.mjs[39m  [2m | [22m[2m-[22m                         [2m | [22m  [36m5.30 kB[39m[2m | [22m                       
[32mchunk-EGAPWXVC.mjs[39m  [2m | [22m[2mdashboard-component[22m       [2m | [22m  [36m4.67 kB[39m[2m | [22m                       
[32mchunk-3VLJTR6F.mjs[39m  [2m | [22m[2mdetect-language-component[22m [2m | [22m  [36m3.93 kB[39m[2m | [22m                       
[32mchunk-NOFBWZTQ.mjs[39m  [2m | [22m[2m-[22m                         [2m | [22m  [36m2.12 kB[39m[2m | [22m                       
[32mchunk-WS73KGAS.mjs[39m  [2m | [22m[2m-[22m                         [2m | [22m[36m421 bytes[39m[2m | [22m                       

[35mPrerendered 0 static routes.[39m
Application bundle generation complete. [6.925 seconds] - 2026-05-16T07:55:12.420Z

[1m[33m[33m▲ [43;33m[[43;30mWARNING[43;33m][0m [1mDeprecation[0m [1m[35m[plugin angular-sass][0m

    src/styles.scss:50:8:
[37m      50 │ @import [32m[37m"bootstrap/scss/bootstrap";
         ╵         [32m^[0m


  Sass @import rules are deprecated and will be removed in Dart Sass 3.0.0.
  
  More info and automated migrator: [4mhttps://sass-lang.com/d/import[0m

  The plugin "angular-sass" was triggered by this import

    angular:styles/global:styles:1:8:
[37m      1 │ @import [32m'src/styles.scss'[37m;
        ╵         [32m~~~~~~~~~~~~~~~~~[0m


[33m▲ [43;33m[[43;30mWARNING[43;33m][0m [1mDeprecation[0m [1m[35m[plugin angular-sass][0m

    src/styles.scss:106:17:
[37m      106 │   margin-bottom: [32m[37mmap-get($spacers, 4) !important;
          ╵                  [32m^[0m


  Global built-in functions are deprecated and will be removed in Dart Sass 3.0.0.
  Use map.get instead.
  
  More info and automated migrator: [4mhttps://sass-lang.com/d/import[0m

  The plugin "angular-sass" was triggered by this import

    angular:styles/global:styles:1:8:
[37m      1 │ @import [32m'src/styles.scss'[37m;
        ╵         [32m~~~~~~~~~~~~~~~~~[0m


[33m▲ [43;33m[[43;30mWARNING[43;33m][0m [1mDeprecation[0m [1m[35m[plugin angular-sass][0m

    src/styles.scss:112:17:
[37m      112 │   margin-bottom: [32m[37mmap-get($spacers, 1) !important;
          ╵                  [32m^[0m


  Global built-in functions are deprecated and will be removed in Dart Sass 3.0.0.
  Use map.get instead.
  
  More info and automated migrator: [4mhttps://sass-lang.com/d/import[0m

  The plugin "angular-sass" was triggered by this import

    angular:styles/global:styles:1:8:
[37m      1 │ @import [32m'src/styles.scss'[37m;
        ╵         [32m~~~~~~~~~~~~~~~~~[0m


[33m▲ [43;33m[[43;30mWARNING[43;33m][0m [1mDeprecation[0m [1m[35m[plugin angular-sass][0m

    src/styles.scss:122:17:
[37m      122 │   border-radius: [32m[37mmap-get($spacers, 1);
          ╵                  [32m^[0m


  Global built-in functions are deprecated and will be removed in Dart Sass 3.0.0.
  Use map.get instead.
  
  More info and automated migrator: [4mhttps://sass-lang.com/d/import[0m

  The plugin "angular-sass" was triggered by this import

    angular:styles/global:styles:1:8:
[37m      1 │ @import [32m'src/styles.scss'[37m;
        ╵         [32m~~~~~~~~~~~~~~~~~[0m


[33m▲ [43;33m[[43;30mWARNING[43;33m][0m [1mDeprecation[0m [1m[35m[plugin angular-sass][0m

    src/styles.scss:126:20:
[37m      126 │     box-shadow: 0 0 [32m[37mmap-get($spacers, 3) rgba($primary, 0.35);
          ╵                     [32m^[0m


  Global built-in functions are deprecated and will be removed in Dart Sass 3.0.0.
  Use map.get instead.
  
  More info and automated migrator: [4mhttps://sass-lang.com/d/import[0m

  The plugin "angular-sass" was triggered by this import

    angular:styles/global:styles:1:8:
[37m      1 │ @import [32m'src/styles.scss'[37m;
        ╵         [32m~~~~~~~~~~~~~~~~~[0m


[33m▲ [43;33m[[43;30mWARNING[43;33m][0m [1mDeprecation[0m [1m[35m[plugin angular-sass][0m

    src/styles.scss:140:17:
[37m      140 │   border-radius: [32m[37mmap-get($spacers, 1) !important;
          ╵                  [32m^[0m


  Global built-in functions are deprecated and will be removed in Dart Sass 3.0.0.
  Use map.get instead.
  
  More info and automated migrator: [4mhttps://sass-lang.com/d/import[0m

  The plugin "angular-sass" was triggered by this import

    angular:styles/global:styles:1:8:
[37m      1 │ @import [32m'src/styles.scss'[37m;
        ╵         [32m~~~~~~~~~~~~~~~~~[0m


[33m▲ [43;33m[[43;30mWARNING[43;33m][0m [1m15 repetitive deprecation warnings omitted.
Run in verbose mode to see all warnings.[0m [1m[35m[plugin angular-sass][0m

    angular:styles/global:styles:1:8:
[37m      1 │ @import [32m'src/styles.scss'[37m;
        ╵         [32m~~~~~~~~~~~~~~~~~[0m

  null

[39m[22m
Output location: C:\projects\translate\clients\translate-angular\dist\translate-angular

